/***********************************************************************
 * this is partial from:
 *  ###BASE_PATH###
 **********************************************************************/
    protected string $test = '';

