{"filePath":"\/base_extension\/Classes\/Domain\/Model\/GetFileSegments.php","baseClass":false,"code":"<?php\n\nnamespace Evoweb\\TestNamespace;\n\nuse Evoweb\\Domain\\Model\\Test;\n\nclass GetFileSegments\n{\n    use Evoweb\\TestTrait;\n\n    protected string $testProperty = '';\n\n    public function __construct()\n    {\n    }\n\n    public function getTestProperty(): string\n    {\n        return $this->testProperty;\n    }\n}\n","statements":[{"nodeType":"Stmt_Namespace","name":{"nodeType":"Name","parts":["Evoweb","TestNamespace"],"attributes":[]},"stmts":[],"attributes":[]},{"nodeType":"Stmt_UseUse","type":0,"name":{"nodeType":"Name","parts":["Evoweb","Domain","Model","Test"],"attributes":[]},"alias":null,"attributes":[]},{"nodeType":"Stmt_Class","flags":0,"extends":null,"implements":[],"name":{"nodeType":"Identifier","name":"GetFileSegments","attributes":[]},"stmts":[],"attrGroups":[],"namespacedName":null,"attributes":[]},{"nodeType":"Stmt_TraitUse","traits":[{"nodeType":"Name","parts":["Evoweb","TestTrait"],"attributes":[]}],"adaptations":[],"attributes":[]},{"nodeType":"Stmt_PropertyProperty","name":{"nodeType":"VarLikeIdentifier","name":"testProperty","attributes":[]},"default":null,"attributes":[]},{"nodeType":"Stmt_ClassMethod","flags":0,"byRef":false,"name":{"nodeType":"Identifier","name":"__construct","attributes":[]},"params":[],"returnType":null,"stmts":[],"attrGroups":[],"attributes":[]},{"nodeType":"Stmt_ClassMethod","flags":0,"byRef":false,"name":{"nodeType":"Identifier","name":"getTestProperty","attributes":[]},"params":[],"returnType":null,"stmts":[],"attrGroups":[],"attributes":[]}],"namespace":{"nodeType":"Name","parts":["Evoweb","TestNamespace"],"attributes":[]},"uses":[{"nodeType":"Stmt_UseUse","type":0,"name":{"nodeType":"Name","parts":["Evoweb","Domain","Model","Test"],"attributes":[]},"alias":null,"attributes":[]}],"class":{"nodeType":"Stmt_Class","flags":0,"extends":null,"implements":[],"name":{"nodeType":"Identifier","name":"GetFileSegments","attributes":[]},"stmts":[],"attrGroups":[],"namespacedName":null,"attributes":[]},"traits":[{"nodeType":"Stmt_TraitUse","traits":[{"nodeType":"Name","parts":["Evoweb","TestTrait"],"attributes":[]}],"adaptations":[],"attributes":[]}],"properties":[{"nodeType":"Stmt_PropertyProperty","name":{"nodeType":"VarLikeIdentifier","name":"testProperty","attributes":[]},"default":null,"attributes":[]}],"constructor":{"nodeType":"Stmt_ClassMethod","flags":0,"byRef":false,"name":{"nodeType":"Identifier","name":"__construct","attributes":[]},"params":[],"returnType":null,"stmts":[],"attrGroups":[],"attributes":[]},"methods":[{"nodeType":"Stmt_ClassMethod","flags":0,"byRef":false,"name":{"nodeType":"Identifier","name":"getTestProperty","attributes":[]},"params":[],"returnType":null,"stmts":[],"attrGroups":[],"attributes":[]}]}
