/*
 * This file is composed by "extender"
 * Merged class with parts of files:
 *  - base.php
 *  - extend.php
 */
