{"filePath":"\/base_extension\/Classes\/Domain\/Model\/GetFileSegments.php","baseClass":false,"code":"<?php\n\nnamespace Evoweb\\TestNamespace;\n\nuse Evoweb\\Domain\\Model\\Test;\n\nclass GetFileSegments\n{\n    use Evoweb\\TestTrait;\n\n    protected string $testProperty = '';\n\n    public function __construct()\n    {\n    }\n\n    public function getTestProperty(): string\n    {\n        return $this->testProperty;\n    }\n}\n","statements":[{"nodeType":"Stmt_Namespace","attributes":[],"name":{"nodeType":"Name","attributes":[],"parts":["Evoweb","TestNamespace"]},"stmts":[]},{"nodeType":"Stmt_UseUse","attributes":[],"type":0,"name":{"nodeType":"Name","attributes":[],"parts":["Evoweb","Domain","Model","Test"]},"alias":null},{"nodeType":"Stmt_Class","attributes":[],"name":{"nodeType":"Identifier","attributes":[],"name":"GetFileSegments"},"stmts":[],"attrGroups":[],"namespacedName":null,"flags":0,"extends":null,"implements":[]},{"nodeType":"Stmt_TraitUse","attributes":[],"traits":[{"nodeType":"Name","attributes":[],"parts":["Evoweb","TestTrait"]}],"adaptations":[]},{"nodeType":"Stmt_Property","attributes":[],"flags":2,"props":[{"nodeType":"Stmt_PropertyProperty","attributes":[],"name":{"nodeType":"VarLikeIdentifier","attributes":[],"name":"testProperty"},"default":null}],"type":null,"attrGroups":[]},{"nodeType":"Stmt_ClassMethod","attributes":[],"flags":0,"byRef":false,"name":{"nodeType":"Identifier","attributes":[],"name":"__construct"},"params":[],"returnType":null,"stmts":[],"attrGroups":[]},{"nodeType":"Stmt_ClassMethod","attributes":[],"flags":0,"byRef":false,"name":{"nodeType":"Identifier","attributes":[],"name":"getTestProperty"},"params":[],"returnType":null,"stmts":[],"attrGroups":[]}],"namespace":{"nodeType":"Name","attributes":[],"parts":["Evoweb","TestNamespace"]},"uses":[{"nodeType":"Stmt_UseUse","attributes":[],"type":0,"name":{"nodeType":"Name","attributes":[],"parts":["Evoweb","Domain","Model","Test"]},"alias":null}],"class":{"nodeType":"Stmt_Class","attributes":[],"name":{"nodeType":"Identifier","attributes":[],"name":"GetFileSegments"},"stmts":[],"attrGroups":[],"namespacedName":null,"flags":0,"extends":null,"implements":[]},"traits":[{"nodeType":"Stmt_TraitUse","attributes":[],"traits":[{"nodeType":"Name","attributes":[],"parts":["Evoweb","TestTrait"]}],"adaptations":[]}],"properties":[{"nodeType":"Stmt_Property","attributes":[],"flags":2,"props":[{"nodeType":"Stmt_PropertyProperty","attributes":[],"name":{"nodeType":"VarLikeIdentifier","attributes":[],"name":"testProperty"},"default":null}],"type":null,"attrGroups":[]}],"constructor":{"nodeType":"Stmt_ClassMethod","attributes":[],"flags":0,"byRef":false,"name":{"nodeType":"Identifier","attributes":[],"name":"__construct"},"params":[],"returnType":null,"stmts":[],"attrGroups":[]},"methods":[{"nodeType":"Stmt_ClassMethod","attributes":[],"flags":0,"byRef":false,"name":{"nodeType":"Identifier","attributes":[],"name":"getTestProperty"},"params":[],"returnType":null,"stmts":[],"attrGroups":[]}]}
