"\n\/*\n * This file is composed by \"extender\"\n * Merged class with parts of files:\n *  - base.php\n *\/\n\nnamespace Fixture\\BaseExtension\\Domain\\Model;\n\nuse Evoweb\\Domain\\Model\\Test;\nclass ComposeMergedFileCode\n{\n    use Evoweb\\TestTrait;\n    protected $testProperty;\n    public function __construct()\n    {\n    }\n    function getTestProperty()\n    {\n    }\n}"
