/***********************************************************************
 * this is partial from:
 *  ###BASE_PATH###
 **********************************************************************/
